FAIL tests/unit/plugins/visualReporterPlugin.test.ts
  ● Test suite failed to run

    [96mtests/unit/plugins/visualReporterPlugin.test.ts[0m:[93m45[0m:[93m51[0m - [91merror[0m[90m TS2345: [0mArgument of type 'any' is not assignable to parameter of type 'never'.

    [7m45[0m             sendFile: jest.fn().mockResolvedValue(undefined as any)
    [7m  [0m [91m                                                  ~~~~~~~~~~~~~~~~[0m

(node:113353) ExperimentalWarning: VM Modules is an experimental feature and might change at any time
(Use `node --trace-warnings ...` to show where the warning was created)
PASS tests/unit/plugins/dailyPulsePlugin.test.ts
  ● Console

    console.log
      [DailyPulse] 🎙️ Audio production in progress...

      at Object.execute (plugins/tools/daily_pulse/index.ts:47:25)

    console.log
      [DailyPulse] ✅ Audio sent successfully

      at Object.execute (plugins/tools/daily_pulse/index.ts:56:29)

    console.log
      [DailyPulse] 🎙️ Audio production in progress...

      at Object.execute (plugins/tools/daily_pulse/index.ts:47:25)

    console.warn
      [DailyPulse] ⚠️ Audio failed, fallback to text

      58 |                 } else {
      59 |                     // Fallback: send script as text if audio fails
    > 60 |                     console.warn('[DailyPulse] ⚠️ Audio failed, fallback to text');
         |                             ^
      61 |                     await transport.sendText(chatId, `📻 **Radio Script of the Day:**\n\n${script}\n\n*(Audio not available this time)*`);
      62 |                     return { success: true, message: "Daily Pulse generated (Text Mode - Audio unavailable)" };
      63 |                 }

      at Object.execute (plugins/tools/daily_pulse/index.ts:60:29)
      at Object.<anonymous> (tests/unit/plugins/dailyPulsePlugin.test.ts:55:24)

    console.error
      [DailyPulse] Error: Error: Generation failed
          at Object.<anonymous> (/home/omni/Code/HIVE-MIND-RAILWAY/tests/unit/plugins/dailyPulsePlugin.test.ts:72:51)
          at Promise.finally.completed (/home/omni/Code/HIVE-MIND-RAILWAY/node_modules/jest-circus/build/jestAdapterInit.js:1557:28)
          at new Promise (<anonymous>)
          at callAsyncCircusFn (/home/omni/Code/HIVE-MIND-RAILWAY/node_modules/jest-circus/build/jestAdapterInit.js:1497:10)
          at _callCircusTest (/home/omni/Code/HIVE-MIND-RAILWAY/node_modules/jest-circus/build/jestAdapterInit.js:1007:40)
          at _runTest (/home/omni/Code/HIVE-MIND-RAILWAY/node_modules/jest-circus/build/jestAdapterInit.js:947:3)
          at /home/omni/Code/HIVE-MIND-RAILWAY/node_modules/jest-circus/build/jestAdapterInit.js:849:7
          at _runTestsForDescribeBlock (/home/omni/Code/HIVE-MIND-RAILWAY/node_modules/jest-circus/build/jestAdapterInit.js:862:11)
          at _runTestsForDescribeBlock (/home/omni/Code/HIVE-MIND-RAILWAY/node_modules/jest-circus/build/jestAdapterInit.js:857:11)
          at run (/home/omni/Code/HIVE-MIND-RAILWAY/node_modules/jest-circus/build/jestAdapterInit.js:761:3)
          at runAndTransformResultsToJestFormat (/home/omni/Code/HIVE-MIND-RAILWAY/node_modules/jest-circus/build/jestAdapterInit.js:1918:21)
          at jestAdapter (/home/omni/Code/HIVE-MIND-RAILWAY/node_modules/jest-circus/build/runner.js:101:19)
          at runTestInternal (/home/omni/Code/HIVE-MIND-RAILWAY/node_modules/jest-runner/build/index.js:275:16)
          at runTest (/home/omni/Code/HIVE-MIND-RAILWAY/node_modules/jest-runner/build/index.js:343:7)

      65 |             } catch (error: unknown) {
      66 |                 const err = error instanceof Error ? error : new Error(String(error));
    > 67 |                 console.error('[DailyPulse] Error:', err);
         |                         ^
      68 |                 return { success: false, message: "Error during Daily Pulse production." };
      69 |             }
      70 |         }

      at Object.execute (plugins/tools/daily_pulse/index.ts:67:25)
      at Object.<anonymous> (tests/unit/plugins/dailyPulsePlugin.test.ts:74:24)


Test Suites: 1 failed, 1 passed, 2 total
Tests:       6 passed, 6 total
Snapshots:   0 total
Time:        13.031 s
Ran all test suites matching tests/unit/plugins/dailyPulsePlugin.test.ts|tests/unit/plugins/visualReporterPlugin.test.ts.
